// Jest Snapshot v1, https://goo.gl/fbAQLP

exports[`<Layout /> should render correctly 1`] = `
<div
  className="h-screen"
  data-testid="layout-div"
>
  <div
    className="flex flex-row container"
    data-testid="flex-row"
  >
    <div
      style={
        Object {
          "boxSizing": "border-box",
          "display": "inline-block",
          "margin": 0,
          "maxWidth": "100%",
          "overflow": "hidden",
          "position": "relative",
        }
      }
    >
      <div
        style={
          Object {
            "boxSizing": "border-box",
            "display": "block",
            "maxWidth": "100%",
          }
        }
      >
        <img
          alt=""
          aria-hidden={true}
          role="presentation"
          src="data:image/svg+xml;charset=utf-8,<svg width=\\"115\\" height=\\"31\\" xmlns=\\"http://www.w3.org/2000/svg\\" version=\\"1.1\\"/>"
          style={
            Object {
              "display": "block",
              "maxWidth": "100%",
            }
          }
        />
      </div>
      <img
        alt="Hypertube logo"
        decoding="async"
        src="/_next/image?url=%2Ficons%2Fhypertube.png&w=420&q=75"
        srcSet="/_next/image?url=%2Ficons%2Fhypertube.png&w=320&q=75 1x, /_next/image?url=%2Ficons%2Fhypertube.png&w=420&q=75 2x"
        style={
          Object {
            "border": "none",
            "bottom": 0,
            "boxSizing": "border-box",
            "display": "block",
            "height": 0,
            "left": 0,
            "margin": "auto",
            "maxHeight": "100%",
            "maxWidth": "100%",
            "minHeight": "100%",
            "minWidth": "100%",
            "padding": 0,
            "position": "absolute",
            "right": 0,
            "top": 0,
            "visibility": "visible",
            "width": 0,
          }
        }
      />
    </div>
    <div
      className="flex flex-row content"
      data-testid="flex-row"
    >
      <a
        href="/"
        onClick={[Function]}
        onMouseEnter={[Function]}
      >
        components.navbar.home
      </a>
      <a
        href="/movies/favorites"
        onClick={[Function]}
        onMouseEnter={[Function]}
      >
        components.navbar.my_list
      </a>
      <div
        className="flex flex-row searchInput"
        data-testid="flex-row"
      >
        <svg
          fill="none"
          height="12"
          viewBox="0 0 11 12"
          width="11"
          xmlns="http://www.w3.org/2000/svg"
        >
          <path
            d="M10.848 10.375L8.707 8.038a.494.494 0 0 0-.365-.164h-.35a5.138 5.138 0 0 0 .945-3c0-2.692-2-4.874-4.469-4.874C2 0 0 2.182 0 4.875c0 2.692 2 4.874 4.468 4.874a4.217 4.217 0 0 0 2.75-1.031V9.1c0 .15.054.293.15.398l2.142 2.337c.202.22.529.22.729 0l.607-.663a.602.602 0 0 0 .002-.797zm-6.38-2.5c-1.518 0-2.75-1.341-2.75-3 0-1.657 1.23-3 2.75-3s2.75 1.34 2.75 3c0 1.656-1.229 3-2.75 3z"
            fill="#fff"
          />
        </svg>
        <input
          className="text-white placeholder-white placeholder-bold bg-black"
          placeholder="components.navbar.search"
        />
      </div>
    </div>
    <div
      className="flex flex-row space-x-4"
      data-testid="flex-row"
    >
      <div
        className="bg-red frame"
      >
        <span>
          AD
        </span>
      </div>
      <div
        className="frame"
        data-testid="lang-flag"
      />
    </div>
  </div>
  <div />
</div>
`;
